{
  "version": 1,
  "toolName": "Write",
  "matchedSkills": [
    "cron-jobs",
    "deployments-cicd",
    "routing-middleware",
    "vercel-cli",
    "vercel-functions"
  ],
  "injectedSkills": [
    "routing-middleware",
    "vercel-cli",
    "vercel-functions"
  ],
  "summaryOnly": [],
  "droppedByCap": [
    "cron-jobs",
    "deployments-cicd"
  ],
  "droppedByBudget": [],
  "reasons": {
    "routing-middleware": {
      "trigger": "basename",
      "reasonCode": "pattern-match"
    },
    "vercel-cli": {
      "trigger": "basename",
      "reasonCode": "pattern-match"
    },
    "vercel-functions": {
      "trigger": "basename",
      "reasonCode": "pattern-match"
    }
  }
}
